---
source: libs/shell/src/app_widget.rs
expression: test_bed.widget.terminal.backend()
---
"╭─[1]─Workspace──────────────────────╮╭Workspace───────────────────────────────────────────────────╮"
"│   test                             ││                                                            │"
"╰────────────────────────────────────╯│   _                     _   _                              │"
"                                      │  | |                   | \ | |                             │"
"                                      │  | |     __ _ _____   _|  \| |_  __                        │"
"                                      │  | |    / _` |_  / | | | . ` \ \/ /                        │"
"                                      │  | |___| (_| |/ /| |_| | |\  |>  <                         │"
"                                      │  \_____/\__,_/___|\__, \_| \_/_/\_\                        │"
"                                      │                    __/ |                                   │"
"                                      │                   |___ /                                   │"
"                                      │                                                            │"
"                                      │  Copyright © 2025 Kerick Howlett                           │"
"                                      │                                                            │"
"                                      │                                                            │"
"                                      │                                                            │"
"                                      │                                                            │"
"                                      │                                                            │"
"                                      │                                                            │"
"                                      │                                                            │"
"                                      │                                                            │"
"                                      │                                                            │"
"                                      │                                                            │"
"                                      │                                                            │"
"                                      │                                                            │"
"                                      │                                                            │"
"                                      │                                                            │"
"                                      │                                                            │"
"                                      │                                                            │"
"                                      │                                                            │"
"                                      │                                                            │"
"                                      │                                                            │"
"                                      │                                                            │"
"                                      │                                                            │"
"                                      │                                                            │"
"                                      │                                                            │"
"                                      │                                                            │"
"                                      │                                                            │"
"                                      │                                                            │"
"                                      │                                                            │"
"                                      │                                                            │"
"                                      │                                                            │"
"                                      │                                                            │"
"                                      │                                                            │"
"                                      │                                                            │"
"                                      │                                                            │"
"                                      │                                                            │"
"                                      │                                                            │"
"                                      │                                                            │"
"                                      │                                                            │"
"                                      ╰────────────────────────────────────────────────────────────╯"
